=== Box Drawing Style ===
┌───────┬─────────────────────┐
│ Style │     Description     │
├───────┼─────────────────────┤
│ Box   │ Unicode box drawing │
└───────┴─────────────────────┘

=== ASCII Style ===
+-------+---------------------+
| Style |     Description     |
+-------+---------------------+
| ASCII | ASCII characters    |
+-------+---------------------+

=== Rounded Style ===
╭───────┬─────────────────────╮
│ Style │     Description     │
├───────┼─────────────────────┤
│ Ro... │ Rounded corners     │
╰───────┴─────────────────────╯
