┌─────────┬─────────────┬───────┐
│  Type   │   Content   │ Width │
├─────────┼─────────────┼───────┤
│ Plain   │ Hello World │    11 │
│ Colored │ [31mRed Text[0m    │     8 │
│ Bold    │ [1mBold Text[0m   │     9 │
│ Complex │ [1;32mBold Green[0m  │    10 │
└─────────┴─────────────┴───────┘
